# testfast.fg
# METHOD                               	MAX ERROR	AVG ERROR	LOGZ ERROR	MAXDIFF	
EXACT                                  	
# ({x0}, (3.888e-01, 6.112e-01))
# ({x1}, (5.556e-01, 4.444e-01))
# ({x2}, (4.587e-01, 5.413e-01))
# ({x3}, (5.480e-01, 4.520e-01))
# ({x4}, (6.660e-01, 3.340e-01))
# ({x5}, (2.107e-01, 7.893e-01))
# ({x6}, (8.178e-01, 1.822e-01))
# ({x7}, (2.327e-01, 7.673e-01))
# ({x8}, (2.171e-01, 7.829e-01))
# ({x9}, (2.052e-01, 7.948e-01))
# ({x10}, (7.665e-01, 2.335e-01))
# ({x11}, (1.217e-01, 8.783e-01))
# ({x12}, (4.214e-01, 5.786e-01))
# ({x13}, (5.348e-01, 4.652e-01))
# ({x14}, (6.291e-01, 3.709e-01))
# ({x15}, (1.357e-01, 8.643e-01))
JTREE_HUGIN                            	1.000e-09	1.000e-09	+1.000e-09	1.000e-09	
# ({x0}, (3.888e-01, 6.112e-01))
# ({x1}, (5.556e-01, 4.444e-01))
# ({x2}, (4.587e-01, 5.413e-01))
# ({x3}, (5.480e-01, 4.520e-01))
# ({x4}, (6.660e-01, 3.340e-01))
# ({x5}, (2.107e-01, 7.893e-01))
# ({x6}, (8.178e-01, 1.822e-01))
# ({x7}, (2.327e-01, 7.673e-01))
# ({x8}, (2.171e-01, 7.829e-01))
# ({x9}, (2.052e-01, 7.948e-01))
# ({x10}, (7.665e-01, 2.335e-01))
# ({x11}, (1.217e-01, 8.783e-01))
# ({x12}, (4.214e-01, 5.786e-01))
# ({x13}, (5.348e-01, 4.652e-01))
# ({x14}, (6.291e-01, 3.709e-01))
# ({x15}, (1.357e-01, 8.643e-01))
JTREE_SHSH                             	1.000e-09	1.000e-09	+1.000e-09	1.000e-09	
# ({x0}, (3.888e-01, 6.112e-01))
# ({x1}, (5.556e-01, 4.444e-01))
# ({x2}, (4.587e-01, 5.413e-01))
# ({x3}, (5.480e-01, 4.520e-01))
# ({x4}, (6.660e-01, 3.340e-01))
# ({x5}, (2.107e-01, 7.893e-01))
# ({x6}, (8.178e-01, 1.822e-01))
# ({x7}, (2.327e-01, 7.673e-01))
# ({x8}, (2.171e-01, 7.829e-01))
# ({x9}, (2.052e-01, 7.948e-01))
# ({x10}, (7.665e-01, 2.335e-01))
# ({x11}, (1.217e-01, 8.783e-01))
# ({x12}, (4.214e-01, 5.786e-01))
# ({x13}, (5.348e-01, 4.652e-01))
# ({x14}, (6.291e-01, 3.709e-01))
# ({x15}, (1.357e-01, 8.643e-01))
BP_SEQFIX                              	9.483e-02	3.078e-02	+1.737e-02	1.000e-09	
# ({x0}, (4.233e-01, 5.767e-01))
# ({x1}, (5.422e-01, 4.578e-01))
# ({x2}, (4.662e-01, 5.338e-01))
# ({x3}, (5.424e-01, 4.576e-01))
# ({x4}, (6.042e-01, 3.958e-01))
# ({x5}, (1.845e-01, 8.155e-01))
# ({x6}, (8.203e-01, 1.797e-01))
# ({x7}, (2.292e-01, 7.708e-01))
# ({x8}, (3.119e-01, 6.881e-01))
# ({x9}, (2.975e-01, 7.025e-01))
# ({x10}, (7.268e-01, 2.732e-01))
# ({x11}, (1.485e-01, 8.515e-01))
# ({x12}, (4.512e-01, 5.488e-01))
# ({x13}, (5.266e-01, 4.734e-01))
# ({x14}, (6.033e-01, 3.967e-01))
# ({x15}, (1.558e-01, 8.442e-01))
BP_SEQRND                              	9.483e-02	3.078e-02	+1.737e-02	1.000e-09	
# ({x0}, (4.233e-01, 5.767e-01))
# ({x1}, (5.422e-01, 4.578e-01))
# ({x2}, (4.662e-01, 5.338e-01))
# ({x3}, (5.424e-01, 4.576e-01))
# ({x4}, (6.042e-01, 3.958e-01))
# ({x5}, (1.845e-01, 8.155e-01))
# ({x6}, (8.203e-01, 1.797e-01))
# ({x7}, (2.292e-01, 7.708e-01))
# ({x8}, (3.119e-01, 6.881e-01))
# ({x9}, (2.975e-01, 7.025e-01))
# ({x10}, (7.268e-01, 2.732e-01))
# ({x11}, (1.485e-01, 8.515e-01))
# ({x12}, (4.512e-01, 5.488e-01))
# ({x13}, (5.266e-01, 4.734e-01))
# ({x14}, (6.033e-01, 3.967e-01))
# ({x15}, (1.558e-01, 8.442e-01))
BP_SEQMAX                              	9.483e-02	3.078e-02	+1.737e-02	1.000e-09	
# ({x0}, (4.233e-01, 5.767e-01))
# ({x1}, (5.422e-01, 4.578e-01))
# ({x2}, (4.662e-01, 5.338e-01))
# ({x3}, (5.424e-01, 4.576e-01))
# ({x4}, (6.042e-01, 3.958e-01))
# ({x5}, (1.845e-01, 8.155e-01))
# ({x6}, (8.203e-01, 1.797e-01))
# ({x7}, (2.292e-01, 7.708e-01))
# ({x8}, (3.119e-01, 6.881e-01))
# ({x9}, (2.975e-01, 7.025e-01))
# ({x10}, (7.268e-01, 2.732e-01))
# ({x11}, (1.485e-01, 8.515e-01))
# ({x12}, (4.512e-01, 5.488e-01))
# ({x13}, (5.266e-01, 4.734e-01))
# ({x14}, (6.033e-01, 3.967e-01))
# ({x15}, (1.558e-01, 8.442e-01))
BP_PARALL                              	9.483e-02	3.078e-02	+1.737e-02	1.000e-09	
# ({x0}, (4.233e-01, 5.767e-01))
# ({x1}, (5.422e-01, 4.578e-01))
# ({x2}, (4.662e-01, 5.338e-01))
# ({x3}, (5.424e-01, 4.576e-01))
# ({x4}, (6.042e-01, 3.958e-01))
# ({x5}, (1.845e-01, 8.155e-01))
# ({x6}, (8.203e-01, 1.797e-01))
# ({x7}, (2.292e-01, 7.708e-01))
# ({x8}, (3.119e-01, 6.881e-01))
# ({x9}, (2.975e-01, 7.025e-01))
# ({x10}, (7.268e-01, 2.732e-01))
# ({x11}, (1.485e-01, 8.515e-01))
# ({x12}, (4.512e-01, 5.488e-01))
# ({x13}, (5.266e-01, 4.734e-01))
# ({x14}, (6.033e-01, 3.967e-01))
# ({x15}, (1.558e-01, 8.442e-01))
BP_SEQFIX_LOG                          	9.483e-02	3.078e-02	+1.737e-02	1.000e-09	
# ({x0}, (4.233e-01, 5.767e-01))
# ({x1}, (5.422e-01, 4.578e-01))
# ({x2}, (4.662e-01, 5.338e-01))
# ({x3}, (5.424e-01, 4.576e-01))
# ({x4}, (6.042e-01, 3.958e-01))
# ({x5}, (1.845e-01, 8.155e-01))
# ({x6}, (8.203e-01, 1.797e-01))
# ({x7}, (2.292e-01, 7.708e-01))
# ({x8}, (3.119e-01, 6.881e-01))
# ({x9}, (2.975e-01, 7.025e-01))
# ({x10}, (7.268e-01, 2.732e-01))
# ({x11}, (1.485e-01, 8.515e-01))
# ({x12}, (4.512e-01, 5.488e-01))
# ({x13}, (5.266e-01, 4.734e-01))
# ({x14}, (6.033e-01, 3.967e-01))
# ({x15}, (1.558e-01, 8.442e-01))
BP_SEQRND_LOG                          	9.483e-02	3.078e-02	+1.737e-02	1.000e-09	
# ({x0}, (4.233e-01, 5.767e-01))
# ({x1}, (5.422e-01, 4.578e-01))
# ({x2}, (4.662e-01, 5.338e-01))
# ({x3}, (5.424e-01, 4.576e-01))
# ({x4}, (6.042e-01, 3.958e-01))
# ({x5}, (1.845e-01, 8.155e-01))
# ({x6}, (8.203e-01, 1.797e-01))
# ({x7}, (2.292e-01, 7.708e-01))
# ({x8}, (3.119e-01, 6.881e-01))
# ({x9}, (2.975e-01, 7.025e-01))
# ({x10}, (7.268e-01, 2.732e-01))
# ({x11}, (1.485e-01, 8.515e-01))
# ({x12}, (4.512e-01, 5.488e-01))
# ({x13}, (5.266e-01, 4.734e-01))
# ({x14}, (6.033e-01, 3.967e-01))
# ({x15}, (1.558e-01, 8.442e-01))
BP_SEQMAX_LOG                          	9.483e-02	3.078e-02	+1.737e-02	1.000e-09	
# ({x0}, (4.233e-01, 5.767e-01))
# ({x1}, (5.422e-01, 4.578e-01))
# ({x2}, (4.662e-01, 5.338e-01))
# ({x3}, (5.424e-01, 4.576e-01))
# ({x4}, (6.042e-01, 3.958e-01))
# ({x5}, (1.845e-01, 8.155e-01))
# ({x6}, (8.203e-01, 1.797e-01))
# ({x7}, (2.292e-01, 7.708e-01))
# ({x8}, (3.119e-01, 6.881e-01))
# ({x9}, (2.975e-01, 7.025e-01))
# ({x10}, (7.268e-01, 2.732e-01))
# ({x11}, (1.485e-01, 8.515e-01))
# ({x12}, (4.512e-01, 5.488e-01))
# ({x13}, (5.266e-01, 4.734e-01))
# ({x14}, (6.033e-01, 3.967e-01))
# ({x15}, (1.558e-01, 8.442e-01))
BP_PARALL_LOG                          	9.483e-02	3.078e-02	+1.737e-02	1.000e-09	
# ({x0}, (4.233e-01, 5.767e-01))
# ({x1}, (5.422e-01, 4.578e-01))
# ({x2}, (4.662e-01, 5.338e-01))
# ({x3}, (5.424e-01, 4.576e-01))
# ({x4}, (6.042e-01, 3.958e-01))
# ({x5}, (1.845e-01, 8.155e-01))
# ({x6}, (8.203e-01, 1.797e-01))
# ({x7}, (2.292e-01, 7.708e-01))
# ({x8}, (3.119e-01, 6.881e-01))
# ({x9}, (2.975e-01, 7.025e-01))
# ({x10}, (7.268e-01, 2.732e-01))
# ({x11}, (1.485e-01, 8.515e-01))
# ({x12}, (4.512e-01, 5.488e-01))
# ({x13}, (5.266e-01, 4.734e-01))
# ({x14}, (6.033e-01, 3.967e-01))
# ({x15}, (1.558e-01, 8.442e-01))
MF_SEQRND                              	3.607e-01	1.904e-01	-9.409e-02	1.000e-09	
# ({x0}, (2.053e-01, 7.947e-01))
# ({x1}, (9.163e-01, 8.373e-02))
# ({x2}, (1.579e-01, 8.421e-01))
# ({x3}, (6.986e-01, 3.014e-01))
# ({x4}, (8.982e-01, 1.018e-01))
# ({x5}, (1.830e-01, 8.170e-01))
# ({x6}, (9.597e-01, 4.033e-02))
# ({x7}, (1.841e-01, 8.159e-01))
# ({x8}, (4.385e-03, 9.956e-01))
# ({x9}, (5.075e-02, 9.492e-01))
# ({x10}, (9.685e-01, 3.149e-02))
# ({x11}, (2.957e-02, 9.704e-01))
# ({x12}, (9.632e-02, 9.037e-01))
# ({x13}, (8.148e-01, 1.852e-01))
# ({x14}, (8.338e-01, 1.662e-01))
# ({x15}, (5.661e-03, 9.943e-01))
TREEEP                                 	3.268e-02	8.023e-03	+6.340e-04	1.000e-09	
# ({x0}, (3.980e-01, 6.020e-01))
# ({x1}, (5.520e-01, 4.480e-01))
# ({x2}, (4.620e-01, 5.380e-01))
# ({x3}, (5.472e-01, 4.528e-01))
# ({x4}, (6.643e-01, 3.357e-01))
# ({x5}, (1.781e-01, 8.219e-01))
# ({x6}, (8.442e-01, 1.558e-01))
# ({x7}, (2.224e-01, 7.776e-01))
# ({x8}, (2.154e-01, 7.846e-01))
# ({x9}, (2.067e-01, 7.933e-01))
# ({x10}, (7.742e-01, 2.258e-01))
# ({x11}, (1.207e-01, 8.793e-01))
# ({x12}, (4.318e-01, 5.682e-01))
# ({x13}, (5.293e-01, 4.707e-01))
# ({x14}, (6.409e-01, 3.591e-01))
# ({x15}, (1.364e-01, 8.636e-01))
TREEEPWC                               	2.356e-02	1.026e-02	+4.876e-03	1.000e-09	
# ({x0}, (4.091e-01, 5.909e-01))
# ({x1}, (5.429e-01, 4.571e-01))
# ({x2}, (4.697e-01, 5.303e-01))
# ({x3}, (5.451e-01, 4.549e-01))
# ({x4}, (6.509e-01, 3.491e-01))
# ({x5}, (1.890e-01, 8.110e-01))
# ({x6}, (8.298e-01, 1.702e-01))
# ({x7}, (2.273e-01, 7.727e-01))
# ({x8}, (2.407e-01, 7.593e-01))
# ({x9}, (2.153e-01, 7.847e-01))
# ({x10}, (7.660e-01, 2.340e-01))
# ({x11}, (1.252e-01, 8.748e-01))
# ({x12}, (4.383e-01, 5.617e-01))
# ({x13}, (5.298e-01, 4.702e-01))
# ({x14}, (6.299e-01, 3.701e-01))
# ({x15}, (1.384e-01, 8.616e-01))
GBP_MIN                                	9.483e-02	3.078e-02	+1.737e-02	1.000e-09	
# ({x0}, (4.233e-01, 5.767e-01))
# ({x1}, (5.422e-01, 4.578e-01))
# ({x2}, (4.662e-01, 5.338e-01))
# ({x3}, (5.424e-01, 4.576e-01))
# ({x4}, (6.042e-01, 3.958e-01))
# ({x5}, (1.845e-01, 8.155e-01))
# ({x6}, (8.203e-01, 1.797e-01))
# ({x7}, (2.292e-01, 7.708e-01))
# ({x8}, (3.119e-01, 6.881e-01))
# ({x9}, (2.975e-01, 7.025e-01))
# ({x10}, (7.268e-01, 2.732e-01))
# ({x11}, (1.485e-01, 8.515e-01))
# ({x12}, (4.512e-01, 5.488e-01))
# ({x13}, (5.266e-01, 4.734e-01))
# ({x14}, (6.033e-01, 3.967e-01))
# ({x15}, (1.558e-01, 8.442e-01))
GBP_DELTA                              	6.291e-01	3.350e-01	-3.303e-01	1.000e-09	
# ({x0}, (0.000e+00, 1.000e+00))
# ({x1}, (1.000e+00, 0.000e+00))
# ({x2}, (0.000e+00, 1.000e+00))
# ({x3}, (1.000e+00, 0.000e+00))
# ({x4}, (1.000e+00, 0.000e+00))
# ({x5}, (0.000e+00, 1.000e+00))
# ({x6}, (1.000e+00, 0.000e+00))
# ({x7}, (0.000e+00, 1.000e+00))
# ({x8}, (0.000e+00, 1.000e+00))
# ({x9}, (0.000e+00, 1.000e+00))
# ({x10}, (1.000e+00, 0.000e+00))
# ({x11}, (0.000e+00, 1.000e+00))
# ({x12}, (1.000e+00, 0.000e+00))
# ({x13}, (0.000e+00, 1.000e+00))
# ({x14}, (0.000e+00, 1.000e+00))
# ({x15}, (0.000e+00, 1.000e+00))
GBP_LOOP3                              	9.483e-02	3.078e-02	+1.737e-02	1.000e-09	
# ({x0}, (4.233e-01, 5.767e-01))
# ({x1}, (5.422e-01, 4.578e-01))
# ({x2}, (4.662e-01, 5.338e-01))
# ({x3}, (5.424e-01, 4.576e-01))
# ({x4}, (6.042e-01, 3.958e-01))
# ({x5}, (1.845e-01, 8.155e-01))
# ({x6}, (8.203e-01, 1.797e-01))
# ({x7}, (2.292e-01, 7.708e-01))
# ({x8}, (3.119e-01, 6.881e-01))
# ({x9}, (2.975e-01, 7.025e-01))
# ({x10}, (7.268e-01, 2.732e-01))
# ({x11}, (1.485e-01, 8.515e-01))
# ({x12}, (4.512e-01, 5.488e-01))
# ({x13}, (5.266e-01, 4.734e-01))
# ({x14}, (6.033e-01, 3.967e-01))
# ({x15}, (1.558e-01, 8.442e-01))
GBP_LOOP4                              	7.893e-01	3.408e-01	-2.745e-01	1.000e-09	
# ({x0}, (0.000e+00, 1.000e+00))
# ({x1}, (1.000e+00, 0.000e+00))
# ({x2}, (0.000e+00, 1.000e+00))
# ({x3}, (1.000e+00, 4.777e-212))
# ({x4}, (1.000e+00, 0.000e+00))
# ({x5}, (1.000e+00, 7.579e-78))
# ({x6}, (1.000e+00, 0.000e+00))
# ({x7}, (0.000e+00, 1.000e+00))
# ({x8}, (0.000e+00, 1.000e+00))
# ({x9}, (0.000e+00, 1.000e+00))
# ({x10}, (1.000e+00, 0.000e+00))
# ({x11}, (0.000e+00, 1.000e+00))
# ({x12}, (1.338e-115, 1.000e+00))
# ({x13}, (1.000e+00, 3.513e-118))
# ({x14}, (1.000e+00, 0.000e+00))
# ({x15}, (0.000e+00, 1.000e+00))
GBP_LOOP5                              	7.893e-01	3.408e-01	-2.745e-01	1.000e-09	
# ({x0}, (0.000e+00, 1.000e+00))
# ({x1}, (1.000e+00, 0.000e+00))
# ({x2}, (0.000e+00, 1.000e+00))
# ({x3}, (1.000e+00, 4.777e-212))
# ({x4}, (1.000e+00, 0.000e+00))
# ({x5}, (1.000e+00, 7.579e-78))
# ({x6}, (1.000e+00, 0.000e+00))
# ({x7}, (0.000e+00, 1.000e+00))
# ({x8}, (0.000e+00, 1.000e+00))
# ({x9}, (0.000e+00, 1.000e+00))
# ({x10}, (1.000e+00, 0.000e+00))
# ({x11}, (0.000e+00, 1.000e+00))
# ({x12}, (1.338e-115, 1.000e+00))
# ({x13}, (1.000e+00, 3.513e-118))
# ({x14}, (1.000e+00, 0.000e+00))
# ({x15}, (0.000e+00, 1.000e+00))
GBP_LOOP6                              	7.948e-01	4.458e-01	-4.096e-01	1.000e-09	
# ({x0}, (1.000e+00, 0.000e+00))
# ({x1}, (0.000e+00, 1.000e+00))
# ({x2}, (1.000e+00, 0.000e+00))
# ({x3}, (0.000e+00, 1.000e+00))
# ({x4}, (0.000e+00, 1.000e+00))
# ({x5}, (0.000e+00, 1.000e+00))
# ({x6}, (1.000e+00, 0.000e+00))
# ({x7}, (0.000e+00, 1.000e+00))
# ({x8}, (1.000e+00, 0.000e+00))
# ({x9}, (1.000e+00, 0.000e+00))
# ({x10}, (1.000e+00, 0.000e+00))
# ({x11}, (0.000e+00, 1.000e+00))
# ({x12}, (0.000e+00, 1.000e+00))
# ({x13}, (1.000e+00, 0.000e+00))
# ({x14}, (0.000e+00, 1.000e+00))
# ({x15}, (0.000e+00, 1.000e+00))
GBP_LOOP7                              	7.948e-01	4.458e-01	-4.096e-01	1.000e-09	
# ({x0}, (1.000e+00, 0.000e+00))
# ({x1}, (0.000e+00, 1.000e+00))
# ({x2}, (1.000e+00, 0.000e+00))
# ({x3}, (0.000e+00, 1.000e+00))
# ({x4}, (0.000e+00, 1.000e+00))
# ({x5}, (0.000e+00, 1.000e+00))
# ({x6}, (1.000e+00, 0.000e+00))
# ({x7}, (0.000e+00, 1.000e+00))
# ({x8}, (1.000e+00, 0.000e+00))
# ({x9}, (1.000e+00, 0.000e+00))
# ({x10}, (1.000e+00, 0.000e+00))
# ({x11}, (0.000e+00, 1.000e+00))
# ({x12}, (0.000e+00, 1.000e+00))
# ({x13}, (1.000e+00, 0.000e+00))
# ({x14}, (0.000e+00, 1.000e+00))
# ({x15}, (0.000e+00, 1.000e+00))
HAK_MIN                                	9.483e-02	3.078e-02	+1.737e-02	1.000e-09	
# ({x0}, (4.233e-01, 5.767e-01))
# ({x1}, (5.422e-01, 4.578e-01))
# ({x2}, (4.662e-01, 5.338e-01))
# ({x3}, (5.424e-01, 4.576e-01))
# ({x4}, (6.042e-01, 3.958e-01))
# ({x5}, (1.845e-01, 8.155e-01))
# ({x6}, (8.203e-01, 1.797e-01))
# ({x7}, (2.292e-01, 7.708e-01))
# ({x8}, (3.119e-01, 6.881e-01))
# ({x9}, (2.975e-01, 7.025e-01))
# ({x10}, (7.268e-01, 2.732e-01))
# ({x11}, (1.485e-01, 8.515e-01))
# ({x12}, (4.512e-01, 5.488e-01))
# ({x13}, (5.266e-01, 4.734e-01))
# ({x14}, (6.033e-01, 3.967e-01))
# ({x15}, (1.558e-01, 8.442e-01))
HAK_DELTA                              	3.684e-01	1.892e-01	+9.675e-01	1.000e-09	
# ({x0}, (4.902e-01, 5.098e-01))
# ({x1}, (5.098e-01, 4.902e-01))
# ({x2}, (4.902e-01, 5.098e-01))
# ({x3}, (5.098e-01, 4.902e-01))
# ({x4}, (5.098e-01, 4.902e-01))
# ({x5}, (5.098e-01, 4.902e-01))
# ({x6}, (4.902e-01, 5.098e-01))
# ({x7}, (5.098e-01, 4.902e-01))
# ({x8}, (4.902e-01, 5.098e-01))
# ({x9}, (4.902e-01, 5.098e-01))
# ({x10}, (5.098e-01, 4.902e-01))
# ({x11}, (4.902e-01, 5.098e-01))
# ({x12}, (4.902e-01, 5.098e-01))
# ({x13}, (5.098e-01, 4.902e-01))
# ({x14}, (5.098e-01, 4.902e-01))
# ({x15}, (4.902e-01, 5.098e-01))
HAK_LOOP3                              	9.483e-02	3.078e-02	+1.737e-02	1.000e-09	
# ({x0}, (4.233e-01, 5.767e-01))
# ({x1}, (5.422e-01, 4.578e-01))
# ({x2}, (4.662e-01, 5.338e-01))
# ({x3}, (5.424e-01, 4.576e-01))
# ({x4}, (6.042e-01, 3.958e-01))
# ({x5}, (1.845e-01, 8.155e-01))
# ({x6}, (8.203e-01, 1.797e-01))
# ({x7}, (2.292e-01, 7.708e-01))
# ({x8}, (3.119e-01, 6.881e-01))
# ({x9}, (2.975e-01, 7.025e-01))
# ({x10}, (7.268e-01, 2.732e-01))
# ({x11}, (1.485e-01, 8.515e-01))
# ({x12}, (4.512e-01, 5.488e-01))
# ({x13}, (5.266e-01, 4.734e-01))
# ({x14}, (6.033e-01, 3.967e-01))
# ({x15}, (1.558e-01, 8.442e-01))
HAK_LOOP4                              	4.970e-03	1.486e-03	-2.503e-04	1.000e-09	
# ({x0}, (3.909e-01, 6.091e-01))
# ({x1}, (5.556e-01, 4.444e-01))
# ({x2}, (4.585e-01, 5.415e-01))
# ({x3}, (5.490e-01, 4.510e-01))
# ({x4}, (6.663e-01, 3.337e-01))
# ({x5}, (2.089e-01, 7.911e-01))
# ({x6}, (8.197e-01, 1.803e-01))
# ({x7}, (2.321e-01, 7.679e-01))
# ({x8}, (2.160e-01, 7.840e-01))
# ({x9}, (2.054e-01, 7.946e-01))
# ({x10}, (7.685e-01, 2.315e-01))
# ({x11}, (1.182e-01, 8.818e-01))
# ({x12}, (4.206e-01, 5.794e-01))
# ({x13}, (5.351e-01, 4.649e-01))
# ({x14}, (6.319e-01, 3.681e-01))
# ({x15}, (1.307e-01, 8.693e-01))
HAK_LOOP5                              	4.970e-03	1.486e-03	-2.503e-04	1.000e-09	
# ({x0}, (3.909e-01, 6.091e-01))
# ({x1}, (5.556e-01, 4.444e-01))
# ({x2}, (4.585e-01, 5.415e-01))
# ({x3}, (5.490e-01, 4.510e-01))
# ({x4}, (6.663e-01, 3.337e-01))
# ({x5}, (2.089e-01, 7.911e-01))
# ({x6}, (8.197e-01, 1.803e-01))
# ({x7}, (2.321e-01, 7.679e-01))
# ({x8}, (2.160e-01, 7.840e-01))
# ({x9}, (2.054e-01, 7.946e-01))
# ({x10}, (7.685e-01, 2.315e-01))
# ({x11}, (1.182e-01, 8.818e-01))
# ({x12}, (4.206e-01, 5.794e-01))
# ({x13}, (5.351e-01, 4.649e-01))
# ({x14}, (6.319e-01, 3.681e-01))
# ({x15}, (1.307e-01, 8.693e-01))
MR_RESPPROP_FULL                       	1.676e-02	4.933e-03	N/A       	1.000e-09	
# ({x0}, (3.941e-01, 6.059e-01))
# ({x1}, (5.534e-01, 4.466e-01))
# ({x2}, (4.602e-01, 5.398e-01))
# ({x3}, (5.477e-01, 4.523e-01))
# ({x4}, (6.557e-01, 3.443e-01))
# ({x5}, (2.084e-01, 7.916e-01))
# ({x6}, (8.163e-01, 1.837e-01))
# ({x7}, (2.332e-01, 7.668e-01))
# ({x8}, (2.334e-01, 7.666e-01))
# ({x9}, (2.220e-01, 7.780e-01))
# ({x10}, (7.583e-01, 2.417e-01))
# ({x11}, (1.221e-01, 8.779e-01))
# ({x12}, (4.190e-01, 5.810e-01))
# ({x13}, (5.407e-01, 4.593e-01))
# ({x14}, (6.252e-01, 3.748e-01))
# ({x15}, (1.346e-01, 8.654e-01))
MR_CLAMPING_FULL                       	6.060e-03	1.754e-03	N/A       	1.000e-09	
# ({x0}, (3.872e-01, 6.128e-01))
# ({x1}, (5.585e-01, 4.415e-01))
# ({x2}, (4.575e-01, 5.425e-01))
# ({x3}, (5.486e-01, 4.514e-01))
# ({x4}, (6.672e-01, 3.328e-01))
# ({x5}, (2.118e-01, 7.882e-01))
# ({x6}, (8.174e-01, 1.826e-01))
# ({x7}, (2.329e-01, 7.671e-01))
# ({x8}, (2.189e-01, 7.811e-01))
# ({x9}, (2.075e-01, 7.925e-01))
# ({x10}, (7.651e-01, 2.349e-01))
# ({x11}, (1.201e-01, 8.799e-01))
# ({x12}, (4.174e-01, 5.826e-01))
# ({x13}, (5.409e-01, 4.591e-01))
# ({x14}, (6.292e-01, 3.708e-01))
# ({x15}, (1.338e-01, 8.662e-01))
MR_EXACT_FULL                          	3.527e-03	1.038e-03	N/A       	1.000e-09	
# ({x0}, (3.867e-01, 6.133e-01))
# ({x1}, (5.572e-01, 4.428e-01))
# ({x2}, (4.585e-01, 5.415e-01))
# ({x3}, (5.478e-01, 4.522e-01))
# ({x4}, (6.681e-01, 3.319e-01))
# ({x5}, (2.101e-01, 7.899e-01))
# ({x6}, (8.179e-01, 1.821e-01))
# ({x7}, (2.329e-01, 7.671e-01))
# ({x8}, (2.166e-01, 7.834e-01))
# ({x9}, (2.053e-01, 7.947e-01))
# ({x10}, (7.666e-01, 2.334e-01))
# ({x11}, (1.201e-01, 8.799e-01))
# ({x12}, (4.194e-01, 5.806e-01))
# ({x13}, (5.384e-01, 4.616e-01))
# ({x14}, (6.296e-01, 3.704e-01))
# ({x15}, (1.344e-01, 8.656e-01))
MR_RESPPROP_LINEAR                     	1.932e-02	5.506e-03	N/A       	1.000e-09	
# ({x0}, (3.923e-01, 6.077e-01))
# ({x1}, (5.529e-01, 4.471e-01))
# ({x2}, (4.608e-01, 5.392e-01))
# ({x3}, (5.467e-01, 4.533e-01))
# ({x4}, (6.546e-01, 3.454e-01))
# ({x5}, (2.071e-01, 7.929e-01))
# ({x6}, (8.175e-01, 1.825e-01))
# ({x7}, (2.325e-01, 7.675e-01))
# ({x8}, (2.364e-01, 7.636e-01))
# ({x9}, (2.228e-01, 7.772e-01))
# ({x10}, (7.577e-01, 2.423e-01))
# ({x11}, (1.240e-01, 8.760e-01))
# ({x12}, (4.258e-01, 5.742e-01))
# ({x13}, (5.388e-01, 4.612e-01))
# ({x14}, (6.239e-01, 3.761e-01))
# ({x15}, (1.369e-01, 8.631e-01))
MR_CLAMPING_LINEAR                     	5.992e-03	1.960e-03	N/A       	1.000e-09	
# ({x0}, (3.856e-01, 6.144e-01))
# ({x1}, (5.573e-01, 4.427e-01))
# ({x2}, (4.586e-01, 5.414e-01))
# ({x3}, (5.474e-01, 4.526e-01))
# ({x4}, (6.653e-01, 3.347e-01))
# ({x5}, (2.101e-01, 7.899e-01))
# ({x6}, (8.189e-01, 1.811e-01))
# ({x7}, (2.321e-01, 7.679e-01))
# ({x8}, (2.231e-01, 7.769e-01))
# ({x9}, (2.089e-01, 7.911e-01))
# ({x10}, (7.643e-01, 2.357e-01))
# ({x11}, (1.224e-01, 8.776e-01))
# ({x12}, (4.252e-01, 5.748e-01))
# ({x13}, (5.388e-01, 4.612e-01))
# ({x14}, (6.275e-01, 3.725e-01))
# ({x15}, (1.366e-01, 8.634e-01))
MR_EXACT_LINEAR                        	5.617e-03	1.742e-03	N/A       	1.000e-09	
# ({x0}, (3.853e-01, 6.147e-01))
# ({x1}, (5.560e-01, 4.440e-01))
# ({x2}, (4.596e-01, 5.404e-01))
# ({x3}, (5.466e-01, 4.534e-01))
# ({x4}, (6.661e-01, 3.339e-01))
# ({x5}, (2.083e-01, 7.917e-01))
# ({x6}, (8.194e-01, 1.806e-01))
# ({x7}, (2.320e-01, 7.680e-01))
# ({x8}, (2.210e-01, 7.790e-01))
# ({x9}, (2.069e-01, 7.931e-01))
# ({x10}, (7.657e-01, 2.343e-01))
# ({x11}, (1.225e-01, 8.775e-01))
# ({x12}, (4.270e-01, 5.730e-01))
# ({x13}, (5.362e-01, 4.638e-01))
# ({x14}, (6.279e-01, 3.721e-01))
# ({x15}, (1.372e-01, 8.628e-01))
LCBP_FULLCAV_SEQFIX                    	1.225e-03	5.589e-04	N/A       	1.000e-09	
# ({x0}, (3.888e-01, 6.112e-01))
# ({x1}, (5.559e-01, 4.441e-01))
# ({x2}, (4.583e-01, 5.417e-01))
# ({x3}, (5.482e-01, 4.518e-01))
# ({x4}, (6.657e-01, 3.343e-01))
# ({x5}, (2.113e-01, 7.887e-01))
# ({x6}, (8.172e-01, 1.828e-01))
# ({x7}, (2.329e-01, 7.671e-01))
# ({x8}, (2.182e-01, 7.818e-01))
# ({x9}, (2.062e-01, 7.938e-01))
# ({x10}, (7.652e-01, 2.348e-01))
# ({x11}, (1.214e-01, 8.786e-01))
# ({x12}, (4.205e-01, 5.795e-01))
# ({x13}, (5.358e-01, 4.642e-01))
# ({x14}, (6.285e-01, 3.715e-01))
# ({x15}, (1.359e-01, 8.641e-01))
LCBP_FULLCAVin_SEQFIX                  	1.225e-03	5.589e-04	N/A       	1.000e-09	
# ({x0}, (3.888e-01, 6.112e-01))
# ({x1}, (5.559e-01, 4.441e-01))
# ({x2}, (4.583e-01, 5.417e-01))
# ({x3}, (5.482e-01, 4.518e-01))
# ({x4}, (6.657e-01, 3.343e-01))
# ({x5}, (2.113e-01, 7.887e-01))
# ({x6}, (8.172e-01, 1.828e-01))
# ({x7}, (2.329e-01, 7.671e-01))
# ({x8}, (2.182e-01, 7.818e-01))
# ({x9}, (2.062e-01, 7.938e-01))
# ({x10}, (7.652e-01, 2.348e-01))
# ({x11}, (1.214e-01, 8.786e-01))
# ({x12}, (4.205e-01, 5.795e-01))
# ({x13}, (5.358e-01, 4.642e-01))
# ({x14}, (6.285e-01, 3.715e-01))
# ({x15}, (1.359e-01, 8.641e-01))
LCBP_FULLCAV_SEQRND                    	1.225e-03	5.589e-04	N/A       	1.000e-09	
# ({x0}, (3.888e-01, 6.112e-01))
# ({x1}, (5.559e-01, 4.441e-01))
# ({x2}, (4.583e-01, 5.417e-01))
# ({x3}, (5.482e-01, 4.518e-01))
# ({x4}, (6.657e-01, 3.343e-01))
# ({x5}, (2.113e-01, 7.887e-01))
# ({x6}, (8.172e-01, 1.828e-01))
# ({x7}, (2.329e-01, 7.671e-01))
# ({x8}, (2.182e-01, 7.818e-01))
# ({x9}, (2.062e-01, 7.938e-01))
# ({x10}, (7.652e-01, 2.348e-01))
# ({x11}, (1.214e-01, 8.786e-01))
# ({x12}, (4.205e-01, 5.795e-01))
# ({x13}, (5.358e-01, 4.642e-01))
# ({x14}, (6.285e-01, 3.715e-01))
# ({x15}, (1.359e-01, 8.641e-01))
LCBP_FULLCAVin_SEQRND                  	1.225e-03	5.589e-04	N/A       	1.000e-09	
# ({x0}, (3.888e-01, 6.112e-01))
# ({x1}, (5.559e-01, 4.441e-01))
# ({x2}, (4.583e-01, 5.417e-01))
# ({x3}, (5.482e-01, 4.518e-01))
# ({x4}, (6.657e-01, 3.343e-01))
# ({x5}, (2.113e-01, 7.887e-01))
# ({x6}, (8.172e-01, 1.828e-01))
# ({x7}, (2.329e-01, 7.671e-01))
# ({x8}, (2.182e-01, 7.818e-01))
# ({x9}, (2.062e-01, 7.938e-01))
# ({x10}, (7.652e-01, 2.348e-01))
# ({x11}, (1.214e-01, 8.786e-01))
# ({x12}, (4.205e-01, 5.795e-01))
# ({x13}, (5.358e-01, 4.642e-01))
# ({x14}, (6.285e-01, 3.715e-01))
# ({x15}, (1.359e-01, 8.641e-01))
LCBP_FULLCAV_NONE                      	1.318e-02	2.644e-03	N/A       	1.000e+00	
# ({x0}, (3.859e-01, 6.141e-01))
# ({x1}, (5.569e-01, 4.431e-01))
# ({x2}, (4.719e-01, 5.281e-01))
# ({x3}, (5.491e-01, 4.509e-01))
# ({x4}, (6.629e-01, 3.371e-01))
# ({x5}, (2.119e-01, 7.881e-01))
# ({x6}, (8.245e-01, 1.755e-01))
# ({x7}, (2.313e-01, 7.687e-01))
# ({x8}, (2.191e-01, 7.809e-01))
# ({x9}, (2.058e-01, 7.942e-01))
# ({x10}, (7.698e-01, 2.302e-01))
# ({x11}, (1.207e-01, 8.793e-01))
# ({x12}, (4.179e-01, 5.821e-01))
# ({x13}, (5.350e-01, 4.650e-01))
# ({x14}, (6.290e-01, 3.710e-01))
# ({x15}, (1.364e-01, 8.636e-01))
LCBP_FULLCAVin_NONE                    	1.318e-02	2.644e-03	N/A       	1.000e+00	
# ({x0}, (3.859e-01, 6.141e-01))
# ({x1}, (5.569e-01, 4.431e-01))
# ({x2}, (4.719e-01, 5.281e-01))
# ({x3}, (5.491e-01, 4.509e-01))
# ({x4}, (6.629e-01, 3.371e-01))
# ({x5}, (2.119e-01, 7.881e-01))
# ({x6}, (8.245e-01, 1.755e-01))
# ({x7}, (2.313e-01, 7.687e-01))
# ({x8}, (2.191e-01, 7.809e-01))
# ({x9}, (2.058e-01, 7.942e-01))
# ({x10}, (7.698e-01, 2.302e-01))
# ({x11}, (1.207e-01, 8.793e-01))
# ({x12}, (4.179e-01, 5.821e-01))
# ({x13}, (5.350e-01, 4.650e-01))
# ({x14}, (6.290e-01, 3.710e-01))
# ({x15}, (1.364e-01, 8.636e-01))
LCBP_PAIRCAV_SEQFIX                    	1.564e-02	5.284e-03	N/A       	1.000e-09	
# ({x0}, (3.872e-01, 6.128e-01))
# ({x1}, (5.540e-01, 4.460e-01))
# ({x2}, (4.596e-01, 5.404e-01))
# ({x3}, (5.460e-01, 4.540e-01))
# ({x4}, (6.601e-01, 3.399e-01))
# ({x5}, (2.050e-01, 7.950e-01))
# ({x6}, (8.200e-01, 1.800e-01))
# ({x7}, (2.314e-01, 7.686e-01))
# ({x8}, (2.327e-01, 7.673e-01))
# ({x9}, (2.095e-01, 7.905e-01))
# ({x10}, (7.621e-01, 2.379e-01))
# ({x11}, (1.283e-01, 8.717e-01))
# ({x12}, (4.367e-01, 5.633e-01))
# ({x13}, (5.282e-01, 4.718e-01))
# ({x14}, (6.240e-01, 3.760e-01))
# ({x15}, (1.409e-01, 8.591e-01))
LCBP_PAIRCAVin_SEQFIX                  	1.564e-02	5.284e-03	N/A       	1.000e-09	
# ({x0}, (3.872e-01, 6.128e-01))
# ({x1}, (5.540e-01, 4.460e-01))
# ({x2}, (4.596e-01, 5.404e-01))
# ({x3}, (5.460e-01, 4.540e-01))
# ({x4}, (6.601e-01, 3.399e-01))
# ({x5}, (2.050e-01, 7.950e-01))
# ({x6}, (8.200e-01, 1.800e-01))
# ({x7}, (2.314e-01, 7.686e-01))
# ({x8}, (2.327e-01, 7.673e-01))
# ({x9}, (2.095e-01, 7.905e-01))
# ({x10}, (7.621e-01, 2.379e-01))
# ({x11}, (1.283e-01, 8.717e-01))
# ({x12}, (4.367e-01, 5.633e-01))
# ({x13}, (5.282e-01, 4.718e-01))
# ({x14}, (6.240e-01, 3.760e-01))
# ({x15}, (1.409e-01, 8.591e-01))
LCBP_PAIRCAV_SEQRND                    	1.564e-02	5.284e-03	N/A       	1.000e-09	
# ({x0}, (3.872e-01, 6.128e-01))
# ({x1}, (5.540e-01, 4.460e-01))
# ({x2}, (4.596e-01, 5.404e-01))
# ({x3}, (5.460e-01, 4.540e-01))
# ({x4}, (6.601e-01, 3.399e-01))
# ({x5}, (2.050e-01, 7.950e-01))
# ({x6}, (8.200e-01, 1.800e-01))
# ({x7}, (2.314e-01, 7.686e-01))
# ({x8}, (2.327e-01, 7.673e-01))
# ({x9}, (2.095e-01, 7.905e-01))
# ({x10}, (7.621e-01, 2.379e-01))
# ({x11}, (1.283e-01, 8.717e-01))
# ({x12}, (4.367e-01, 5.633e-01))
# ({x13}, (5.282e-01, 4.718e-01))
# ({x14}, (6.240e-01, 3.760e-01))
# ({x15}, (1.409e-01, 8.591e-01))
LCBP_PAIRCAVin_SEQRND                  	1.564e-02	5.284e-03	N/A       	1.000e-09	
# ({x0}, (3.872e-01, 6.128e-01))
# ({x1}, (5.540e-01, 4.460e-01))
# ({x2}, (4.596e-01, 5.404e-01))
# ({x3}, (5.460e-01, 4.540e-01))
# ({x4}, (6.601e-01, 3.399e-01))
# ({x5}, (2.050e-01, 7.950e-01))
# ({x6}, (8.200e-01, 1.800e-01))
# ({x7}, (2.314e-01, 7.686e-01))
# ({x8}, (2.327e-01, 7.673e-01))
# ({x9}, (2.095e-01, 7.905e-01))
# ({x10}, (7.621e-01, 2.379e-01))
# ({x11}, (1.283e-01, 8.717e-01))
# ({x12}, (4.367e-01, 5.633e-01))
# ({x13}, (5.282e-01, 4.718e-01))
# ({x14}, (6.240e-01, 3.760e-01))
# ({x15}, (1.409e-01, 8.591e-01))
LCBP_PAIRCAV_NONE                      	1.869e-01	6.816e-02	N/A       	1.000e+00	
# ({x0}, (3.558e-01, 6.442e-01))
# ({x1}, (5.320e-01, 4.680e-01))
# ({x2}, (4.581e-01, 5.419e-01))
# ({x3}, (5.768e-01, 4.232e-01))
# ({x4}, (7.724e-01, 2.276e-01))
# ({x5}, (2.314e-01, 7.686e-01))
# ({x6}, (9.366e-01, 6.343e-02))
# ({x7}, (1.862e-01, 8.138e-01))
# ({x8}, (1.145e-01, 8.855e-01))
# ({x9}, (1.196e-01, 8.804e-01))
# ({x10}, (8.803e-01, 1.197e-01))
# ({x11}, (5.173e-02, 9.483e-01))
# ({x12}, (4.454e-01, 5.546e-01))
# ({x13}, (6.323e-01, 3.677e-01))
# ({x14}, (8.161e-01, 1.839e-01))
# ({x15}, (1.676e-01, 8.324e-01))
LCBP_PAIRCAVin_NONE                    	1.869e-01	6.816e-02	N/A       	1.000e+00	
# ({x0}, (3.558e-01, 6.442e-01))
# ({x1}, (5.320e-01, 4.680e-01))
# ({x2}, (4.581e-01, 5.419e-01))
# ({x3}, (5.768e-01, 4.232e-01))
# ({x4}, (7.724e-01, 2.276e-01))
# ({x5}, (2.314e-01, 7.686e-01))
# ({x6}, (9.366e-01, 6.343e-02))
# ({x7}, (1.862e-01, 8.138e-01))
# ({x8}, (1.145e-01, 8.855e-01))
# ({x9}, (1.196e-01, 8.804e-01))
# ({x10}, (8.803e-01, 1.197e-01))
# ({x11}, (5.173e-02, 9.483e-01))
# ({x12}, (4.454e-01, 5.546e-01))
# ({x13}, (6.323e-01, 3.677e-01))
# ({x14}, (8.161e-01, 1.839e-01))
# ({x15}, (1.676e-01, 8.324e-01))
LCBP_PAIR2CAV_SEQFIX                   	1.535e-02	4.445e-03	N/A       	1.000e-09	
# ({x0}, (3.844e-01, 6.156e-01))
# ({x1}, (5.557e-01, 4.443e-01))
# ({x2}, (4.588e-01, 5.412e-01))
# ({x3}, (5.461e-01, 4.539e-01))
# ({x4}, (6.648e-01, 3.352e-01))
# ({x5}, (2.057e-01, 7.943e-01))
# ({x6}, (8.205e-01, 1.795e-01))
# ({x7}, (2.312e-01, 7.688e-01))
# ({x8}, (2.282e-01, 7.718e-01))
# ({x9}, (2.029e-01, 7.971e-01))
# ({x10}, (7.643e-01, 2.357e-01))
# ({x11}, (1.286e-01, 8.714e-01))
# ({x12}, (4.368e-01, 5.632e-01))
# ({x13}, (5.280e-01, 4.720e-01))
# ({x14}, (6.250e-01, 3.750e-01))
# ({x15}, (1.411e-01, 8.589e-01))
LCBP_PAIR2CAVin_SEQFIX                 	1.535e-02	4.445e-03	N/A       	1.000e-09	
# ({x0}, (3.844e-01, 6.156e-01))
# ({x1}, (5.557e-01, 4.443e-01))
# ({x2}, (4.588e-01, 5.412e-01))
# ({x3}, (5.461e-01, 4.539e-01))
# ({x4}, (6.648e-01, 3.352e-01))
# ({x5}, (2.057e-01, 7.943e-01))
# ({x6}, (8.205e-01, 1.795e-01))
# ({x7}, (2.312e-01, 7.688e-01))
# ({x8}, (2.282e-01, 7.718e-01))
# ({x9}, (2.029e-01, 7.971e-01))
# ({x10}, (7.643e-01, 2.357e-01))
# ({x11}, (1.286e-01, 8.714e-01))
# ({x12}, (4.368e-01, 5.632e-01))
# ({x13}, (5.280e-01, 4.720e-01))
# ({x14}, (6.250e-01, 3.750e-01))
# ({x15}, (1.411e-01, 8.589e-01))
LCBP_PAIR2CAV_SEQRND                   	1.535e-02	4.445e-03	N/A       	1.000e-09	
# ({x0}, (3.844e-01, 6.156e-01))
# ({x1}, (5.557e-01, 4.443e-01))
# ({x2}, (4.588e-01, 5.412e-01))
# ({x3}, (5.461e-01, 4.539e-01))
# ({x4}, (6.648e-01, 3.352e-01))
# ({x5}, (2.057e-01, 7.943e-01))
# ({x6}, (8.205e-01, 1.795e-01))
# ({x7}, (2.312e-01, 7.688e-01))
# ({x8}, (2.282e-01, 7.718e-01))
# ({x9}, (2.029e-01, 7.971e-01))
# ({x10}, (7.643e-01, 2.357e-01))
# ({x11}, (1.286e-01, 8.714e-01))
# ({x12}, (4.368e-01, 5.632e-01))
# ({x13}, (5.280e-01, 4.720e-01))
# ({x14}, (6.250e-01, 3.750e-01))
# ({x15}, (1.411e-01, 8.589e-01))
LCBP_PAIR2CAVin_SEQRND                 	1.535e-02	4.445e-03	N/A       	1.000e-09	
# ({x0}, (3.844e-01, 6.156e-01))
# ({x1}, (5.557e-01, 4.443e-01))
# ({x2}, (4.588e-01, 5.412e-01))
# ({x3}, (5.461e-01, 4.539e-01))
# ({x4}, (6.648e-01, 3.352e-01))
# ({x5}, (2.057e-01, 7.943e-01))
# ({x6}, (8.205e-01, 1.795e-01))
# ({x7}, (2.312e-01, 7.688e-01))
# ({x8}, (2.282e-01, 7.718e-01))
# ({x9}, (2.029e-01, 7.971e-01))
# ({x10}, (7.643e-01, 2.357e-01))
# ({x11}, (1.286e-01, 8.714e-01))
# ({x12}, (4.368e-01, 5.632e-01))
# ({x13}, (5.280e-01, 4.720e-01))
# ({x14}, (6.250e-01, 3.750e-01))
# ({x15}, (1.411e-01, 8.589e-01))
LCBP_PAIR2CAV_NONE                     	1.894e-01	7.196e-02	N/A       	1.000e+00	
# ({x0}, (3.525e-01, 6.475e-01))
# ({x1}, (5.395e-01, 4.605e-01))
# ({x2}, (4.567e-01, 5.433e-01))
# ({x3}, (5.786e-01, 4.214e-01))
# ({x4}, (7.797e-01, 2.203e-01))
# ({x5}, (2.350e-01, 7.650e-01))
# ({x6}, (9.358e-01, 6.415e-02))
# ({x7}, (1.860e-01, 8.140e-01))
# ({x8}, (1.133e-01, 8.867e-01))
# ({x9}, (1.167e-01, 8.833e-01))
# ({x10}, (8.886e-01, 1.114e-01))
# ({x11}, (4.668e-02, 9.533e-01))
# ({x12}, (4.484e-01, 5.516e-01))
# ({x13}, (6.444e-01, 3.556e-01))
# ({x14}, (8.185e-01, 1.815e-01))
# ({x15}, (1.841e-01, 8.159e-01))
LCBP_PAIR2CAVin_NONE                   	1.894e-01	7.196e-02	N/A       	1.000e+00	
# ({x0}, (3.525e-01, 6.475e-01))
# ({x1}, (5.395e-01, 4.605e-01))
# ({x2}, (4.567e-01, 5.433e-01))
# ({x3}, (5.786e-01, 4.214e-01))
# ({x4}, (7.797e-01, 2.203e-01))
# ({x5}, (2.350e-01, 7.650e-01))
# ({x6}, (9.358e-01, 6.415e-02))
# ({x7}, (1.860e-01, 8.140e-01))
# ({x8}, (1.133e-01, 8.867e-01))
# ({x9}, (1.167e-01, 8.833e-01))
# ({x10}, (8.886e-01, 1.114e-01))
# ({x11}, (4.668e-02, 9.533e-01))
# ({x12}, (4.484e-01, 5.516e-01))
# ({x13}, (6.444e-01, 3.556e-01))
# ({x14}, (8.185e-01, 1.815e-01))
# ({x15}, (1.841e-01, 8.159e-01))
LCBP_UNICAV_SEQFIX                     	9.483e-02	3.078e-02	N/A       	1.000e-09	
# ({x0}, (4.233e-01, 5.767e-01))
# ({x1}, (5.422e-01, 4.578e-01))
# ({x2}, (4.662e-01, 5.338e-01))
# ({x3}, (5.424e-01, 4.576e-01))
# ({x4}, (6.042e-01, 3.958e-01))
# ({x5}, (1.845e-01, 8.155e-01))
# ({x6}, (8.203e-01, 1.797e-01))
# ({x7}, (2.292e-01, 7.708e-01))
# ({x8}, (3.119e-01, 6.881e-01))
# ({x9}, (2.975e-01, 7.025e-01))
# ({x10}, (7.268e-01, 2.732e-01))
# ({x11}, (1.485e-01, 8.515e-01))
# ({x12}, (4.512e-01, 5.488e-01))
# ({x13}, (5.266e-01, 4.734e-01))
# ({x14}, (6.033e-01, 3.967e-01))
# ({x15}, (1.558e-01, 8.442e-01))
LCBP_UNICAV_SEQRND                     	9.483e-02	3.078e-02	N/A       	1.000e-09	
# ({x0}, (4.233e-01, 5.767e-01))
# ({x1}, (5.422e-01, 4.578e-01))
# ({x2}, (4.662e-01, 5.338e-01))
# ({x3}, (5.424e-01, 4.576e-01))
# ({x4}, (6.042e-01, 3.958e-01))
# ({x5}, (1.845e-01, 8.155e-01))
# ({x6}, (8.203e-01, 1.797e-01))
# ({x7}, (2.292e-01, 7.708e-01))
# ({x8}, (3.119e-01, 6.881e-01))
# ({x9}, (2.975e-01, 7.025e-01))
# ({x10}, (7.268e-01, 2.732e-01))
# ({x11}, (1.485e-01, 8.515e-01))
# ({x12}, (4.512e-01, 5.488e-01))
# ({x13}, (5.266e-01, 4.734e-01))
# ({x14}, (6.033e-01, 3.967e-01))
# ({x15}, (1.558e-01, 8.442e-01))
BBP                                    	7.049e-04	2.319e-04	+7.075e-05	1.000e-09	
# ({x0}, (3.890e-01, 6.110e-01))
# ({x1}, (5.555e-01, 4.445e-01))
# ({x2}, (4.587e-01, 5.413e-01))
# ({x3}, (5.479e-01, 4.521e-01))
# ({x4}, (6.663e-01, 3.337e-01))
# ({x5}, (2.105e-01, 7.895e-01))
# ({x6}, (8.180e-01, 1.820e-01))
# ({x7}, (2.324e-01, 7.676e-01))
# ({x8}, (2.169e-01, 7.831e-01))
# ({x9}, (2.050e-01, 7.950e-01))
# ({x10}, (7.666e-01, 2.334e-01))
# ({x11}, (1.216e-01, 8.784e-01))
# ({x12}, (4.210e-01, 5.790e-01))
# ({x13}, (5.351e-01, 4.649e-01))
# ({x14}, (6.284e-01, 3.716e-01))
# ({x15}, (1.355e-01, 8.645e-01))
CBP                                    	3.294e-06	8.863e-07	+2.066e-07	1.000e-09	
# ({x0}, (3.888e-01, 6.112e-01))
# ({x1}, (5.556e-01, 4.444e-01))
# ({x2}, (4.587e-01, 5.413e-01))
# ({x3}, (5.480e-01, 4.520e-01))
# ({x4}, (6.660e-01, 3.340e-01))
# ({x5}, (2.107e-01, 7.893e-01))
# ({x6}, (8.178e-01, 1.822e-01))
# ({x7}, (2.327e-01, 7.673e-01))
# ({x8}, (2.171e-01, 7.829e-01))
# ({x9}, (2.052e-01, 7.948e-01))
# ({x10}, (7.665e-01, 2.335e-01))
# ({x11}, (1.217e-01, 8.783e-01))
# ({x12}, (4.214e-01, 5.786e-01))
# ({x13}, (5.348e-01, 4.652e-01))
# ({x14}, (6.291e-01, 3.709e-01))
# ({x15}, (1.357e-01, 8.643e-01))
